src/components/VendorQuickView.tsx(5,23): error TS2307: Cannot find module 'sonner' or its corresponding type declarations.
src/pages/RequestDetailPage.tsx(4,23): error TS2307: Cannot find module 'sonner' or its corresponding type declarations.
src/pages/RequestDetailPage.tsx(24,23): error TS6133: 'ProcurementRequest' is declared but its value is never read.
src/pages/RequestDetailPage.tsx(54,9): error TS2769: No overload matches this call.
  Overload 1 of 3, '(options: DefinedInitialDataOptions<unknown, Error, unknown, (string | number)[]>, queryClient?: QueryClient | undefined): DefinedUseQueryResult<unknown, Error>', gave the following error.
    Object literal may only specify known properties, and 'onSuccess' does not exist in type 'DefinedInitialDataOptions<unknown, Error, unknown, (string | number)[]>'.
  Overload 2 of 3, '(options: UndefinedInitialDataOptions<SearchRun[], Error, SearchRun[], (string | number)[]>, queryClient?: QueryClient | undefined): UseQueryResult<...>', gave the following error.
    Object literal may only specify known properties, and 'onSuccess' does not exist in type 'UndefinedInitialDataOptions<SearchRun[], Error, SearchRun[], (string | number)[]>'.
  Overload 3 of 3, '(options: UseQueryOptions<SearchRun[], Error, SearchRun[], (string | number)[]>, queryClient?: QueryClient | undefined): UseQueryResult<...>', gave the following error.
    Object literal may only specify known properties, and 'onSuccess' does not exist in type 'UseQueryOptions<SearchRun[], Error, SearchRun[], (string | number)[]>'.
src/pages/RequestDetailPage.tsx(61,23): error TS7053: Element implicitly has an 'any' type because expression of type '0' can't be used to index type '{}'.
  Property '0' does not exist on type '{}'.
src/pages/VendorProfilePage.tsx(2,34): error TS6133: 'Link' is declared but its value is never read.
